<div style="background-image:url(page:/image.jpg); background-repeat:no-repeat; background-position:left; height:100px"><a href="page:" style="margin-left:200px">Web Site by Kvasir/Sora</a></div>