<ul>
  <li class="first"><a href="/context/path">path</a></li><li><a href="/context/path/to">to</a></li><li>page</li>
</ul>
